// Jest Snapshot v1, https://goo.gl/fbAQLP

exports[`years Duck Tests Action Generator setYears should match the snapshot 1`] = `
Object {
  "type": "modules/app/SET_YEARS",
  "value": "mockValue",
}
`;
