// Jest Snapshot v1, https://goo.gl/fbAQLP

exports[`Table Component should render correctly 1`] = `
<WithStyles(ForwardRef(TableContainer))>
  <WithStyles(ForwardRef(Table))
    size="small"
  >
    <WithStyles(ForwardRef(TableHead))>
      <WithStyles(ForwardRef(TableRow))>
        <WithStyles(ForwardRef(TableCell))>
          Month
        </WithStyles(ForwardRef(TableCell))>
        <WithStyles(ForwardRef(TableCell))>
          Good
        </WithStyles(ForwardRef(TableCell))>
        <WithStyles(ForwardRef(TableCell))>
          Median
        </WithStyles(ForwardRef(TableCell))>
        <WithStyles(ForwardRef(TableCell))>
          Bad
        </WithStyles(ForwardRef(TableCell))>
      </WithStyles(ForwardRef(TableRow))>
    </WithStyles(ForwardRef(TableHead))>
    <WithStyles(ForwardRef(TableBody))>
      <WithStyles(ForwardRef(TableRow))
        key="0"
      >
        <WithStyles(ForwardRef(TableCell))>
          0
        </WithStyles(ForwardRef(TableCell))>
        <WithStyles(ForwardRef(TableCell))>
          2.5
        </WithStyles(ForwardRef(TableCell))>
        <WithStyles(ForwardRef(TableCell))>
          2.5
        </WithStyles(ForwardRef(TableCell))>
        <WithStyles(ForwardRef(TableCell))>
          2.5
        </WithStyles(ForwardRef(TableCell))>
      </WithStyles(ForwardRef(TableRow))>
    </WithStyles(ForwardRef(TableBody))>
  </WithStyles(ForwardRef(Table))>
</WithStyles(ForwardRef(TableContainer))>
`;

exports[`Table Component should render correctly when conesData is empty 1`] = `""`;
