// Jest Snapshot v1, https://goo.gl/fbAQLP

exports[`Years Component should render correctly 1`] = `
<div>
  Years:
  <input
    className="makeStyles-inputWidth-1"
    defaultValue={10}
    id="years"
    name="years"
    onChange={[Function]}
    type="text"
  />
</div>
`;
